suite=system1 (23 tasks)  mercury-decide-free s1 complete rerun
endpoint=http://localhost:8124/v1  samples=2  concurrency=1

  PASS  spam_email/q1        s0      3tok    0.5s   5.5tok/s
  PASS  spam_email/q1        s1      2tok    0.4s   5.1tok/s
  PASS  spam_email/q2        s0      2tok    0.4s   4.8tok/s
  PASS  spam_email/q2        s1      2tok    0.4s   4.7tok/s
  PASS  refund_eligible/q1   s0      2tok    0.7s   2.8tok/s
  PASS  refund_eligible/q1   s1      2tok    0.4s   5.2tok/s
  PASS  refund_eligible/q2   s0      2tok    0.5s   4.2tok/s
  PASS  refund_eligible/q2   s1      4tok    0.4s   9.2tok/s
  PASS  glowing_review/q1    s0      3tok    0.4s   8.1tok/s
  PASS  glowing_review/q1    s1      2tok    0.4s   5.3tok/s
  PASS  glowing_review/q2    s0      2tok    0.5s   4.4tok/s
  PASS  glowing_review/q2    s1      3tok    0.4s   6.8tok/s
  PASS  museum_hours/q1      s0      2tok    0.4s   5.0tok/s
  PASS  museum_hours/q1      s1      2tok    0.4s   5.3tok/s
  PASS  museum_hours/q2      s0      2tok    0.4s   5.2tok/s
  PASS  museum_hours/q2      s1      3tok    0.4s   8.2tok/s
  PASS  fruit_basket/q1      s0      4tok    0.4s  10.4tok/s
  PASS  fruit_basket/q1      s1      3tok    0.4s   7.4tok/s
  PASS  fruit_basket/q2      s0      2tok    0.5s   4.4tok/s
  PASS  fruit_basket/q2      s1      3tok    0.4s   7.8tok/s
  FAIL  capital_japan/q1     s0      0tok    0.0s   0.0tok/s   <generation failed: Error code: 502 - {'error': {'message': "systemone >
  FAIL  capital_japan/q1     s1      0tok    0.0s   0.0tok/s   <generation failed: Error code: 502 - {'error': {'message': "systemone >
  FAIL  capital_japan/q2     s0      0tok    0.0s   0.0tok/s   <generation failed: Error code: 502 - {'error': {'message': "systemone >
  FAIL  capital_japan/q2     s1      0tok    0.0s   0.0tok/s   <generation failed: Error code: 502 - {'error': {'message': "systemone >
  FAIL  threat_comment/q1    s0      0tok    0.0s   0.0tok/s   <generation failed: Error code: 502 - {'error': {'message': "systemone >
  FAIL  threat_comment/q1    s1      0tok    0.0s   0.0tok/s   <generation failed: Error code: 502 - {'error': {'message': "systemone >
  FAIL  threat_comment/q2    s0      0tok    0.0s   0.0tok/s   <generation failed: Error code: 502 - {'error': {'message': "systemone >
  FAIL  threat_comment/q2    s1      0tok    0.0s   0.0tok/s   <generation failed: Error code: 502 - {'error': {'message': "systemone >
  FAIL  product_spec/q1      s0      0tok    0.0s   0.0tok/s   <generation failed: Error code: 502 - {'error': {'message': "systemone >
  PASS  product_spec/q1      s1      4tok    0.4s  10.6tok/s
  PASS  product_spec/q2      s0      4tok    4.7s   0.8tok/s
  PASS  product_spec/q2      s1      3tok    1.5s   2.0tok/s
  PASS  language_french/q1   s0      4tok    4.8s   0.8tok/s
  PASS  language_french/q1   s1      4tok    1.6s   2.5tok/s
  PASS  language_french/q2   s0      4tok    4.7s   0.9tok/s
  PASS  language_french/q2   s1      2tok    0.4s   5.5tok/s
  PASS  golden_retriever/q1  s0      2tok    4.7s   0.4tok/s
  PASS  golden_retriever/q1  s1      3tok    1.6s   1.8tok/s
  PASS  golden_retriever/q2  s0      4tok    4.7s   0.9tok/s
  PASS  golden_retriever/q2  s1      4tok    0.4s  10.5tok/s
  PASS  ref_code/q1          s0      2tok    5.0s   0.4tok/s
  PASS  ref_code/q1          s1      2tok    1.6s   1.3tok/s
  PASS  ref_code/q2          s0      2tok    1.5s   1.3tok/s
  PASS  ref_code/q2          s1      2tok    4.8s   0.4tok/s
  PASS  sale_item_refund/q1  s0      3tok    1.7s   1.8tok/s
  PASS  sale_item_refund/q1  s1      3tok    4.7s   0.6tok/s
  PASS  sale_item_refund/q2  s0      4tok    1.7s   2.4tok/s
  PASS  sale_item_refund/q2  s1      4tok    4.8s   0.8tok/s
  PASS  sale_item_refund/q3  s0      4tok    0.5s   8.7tok/s
  PASS  sale_item_refund/q3  s1      4tok    5.0s   0.8tok/s
  PASS  ticket_billing/q1    s0      4tok    0.4s  10.2tok/s
  PASS  ticket_billing/q1    s1      4tok    4.9s   0.8tok/s
  PASS  ticket_billing/q2    s0      4tok    0.4s   9.5tok/s
  PASS  ticket_billing/q2    s1      2tok    4.8s   0.4tok/s
  PASS  chat_resolved/q1     s0      4tok    1.7s   2.4tok/s
  PASS  chat_resolved/q1     s1      4tok    4.8s   0.8tok/s
  PASS  chat_resolved/q2     s0      4tok    1.5s   2.6tok/s
  PASS  chat_resolved/q2     s1      4tok    4.7s   0.9tok/s
  PASS  json_order/q1        s0      2tok    1.5s   1.3tok/s
  PASS  json_order/q1        s1      2tok    4.8s   0.4tok/s
  PASS  json_order/q2        s0      4tok    0.4s  10.7tok/s
  PASS  json_order/q2        s1      4tok    4.7s   0.8tok/s
  PASS  height_order/q1      s0      3tok    1.5s   1.9tok/s
  PASS  height_order/q1      s1      3tok    4.8s   0.6tok/s
  PASS  height_order/q2      s0      3tok    1.6s   1.9tok/s
  PASS  height_order/q2      s1      2tok    4.7s   0.4tok/s
  PASS  bag_allowance/q1     s0      2tok    0.4s   5.0tok/s
  PASS  bag_allowance/q1     s1      3tok    4.7s   0.6tok/s
  PASS  bag_allowance/q2     s0      2tok    1.5s   1.3tok/s
  PASS  bag_allowance/q2     s1      2tok    4.9s   0.4tok/s
  PASS  cafe_hours/q1        s0      3tok    1.8s   1.7tok/s
  PASS  cafe_hours/q1        s1      3tok    4.8s   0.6tok/s
  PASS  cafe_hours/q2        s0      3tok    0.4s   6.8tok/s
  PASS  cafe_hours/q2        s1      3tok    4.8s   0.6tok/s
  PASS  cafe_hours/q3        s0      2tok    1.6s   1.3tok/s
  PASS  cafe_hours/q3        s1      2tok    4.8s   0.4tok/s
  PASS  harsh_review/q1      s0      2tok    1.5s   1.3tok/s
  PASS  harsh_review/q1      s1      3tok    4.9s   0.6tok/s
  PASS  harsh_review/q2      s0      2tok    0.5s   4.4tok/s
  PASS  harsh_review/q2      s1      3tok    4.8s   0.6tok/s
  FAIL  error_log/q1         s0      3tok    1.7s   1.8tok/s   <expected 'cannot determine'>
  FAIL  error_log/q1         s1      2tok    4.7s   0.4tok/s   <expected 'cannot determine'>
  PASS  error_log/q2         s0      4tok    1.8s   2.2tok/s
  PASS  error_log/q2         s1      2tok    4.7s   0.4tok/s
  PASS  error_log/q3         s0      2tok    0.4s   5.4tok/s
  PASS  error_log/q3         s1      2tok    4.8s   0.4tok/s
  PASS  budget_veto/q1       s0      4tok    1.6s   2.5tok/s
  PASS  budget_veto/q1       s1      4tok    4.8s   0.8tok/s
  PASS  budget_veto/q2       s0      2tok    1.6s   1.3tok/s
  PASS  budget_veto/q2       s1      2tok    4.8s   0.4tok/s
  PASS  device_policy/q1     s0      3tok    0.5s   6.3tok/s
  PASS  device_policy/q1     s1      4tok    4.8s   0.8tok/s
  PASS  device_policy/q2     s0      3tok    1.6s   1.9tok/s
  PASS  device_policy/q2     s1      3tok    4.8s   0.6tok/s
  PASS  borderline_comment/q1 s0      2tok    0.4s   5.3tok/s
  PASS  borderline_comment/q1 s1      2tok    4.7s   0.4tok/s
  PASS  borderline_comment/q2 s0      2tok    1.6s   1.3tok/s
  PASS  borderline_comment/q2 s1      3tok    4.7s   0.6tok/s

================================================================
accuracy               88.8 %  (95% CI 81.0–93.6, n=98)
tokens / task          85 in / 3 out  (89/98 reported)
time / task            2.4 s
by difficulty          easy=79.5%  medium=100.0%  hard=88.9%
wall                   252 s
mean output tokens     3
truncated / errored    0 / 9
================================================================

written to /home/montimage/workspace/luongnv89/m-bench/results/2026-10-01-mercury-decide-rerun/mercury-s1.json
