  PASS  returns_01/q1      s0      5tok    6.1s  
  PASS  returns_02/q1      s0      5tok    2.3s  
  PASS  returns_03/q1      s0      5tok    3.4s  
  PASS  returns_04/q1      s0      5tok    3.4s  
  PASS  returns_05/q1      s0      5tok    3.5s  
  PASS  returns_06/q1      s0     45tok    4.0s  
  PASS  returns_07/q1      s0      5tok    3.5s  
  PASS  returns_08/q1      s0      5tok    3.7s  
  PASS  returns_09/q1      s0      5tok    3.6s  
  PASS  returns_10/q1      s0      5tok    2.6s  
  PASS  returns_11/q1      s0      5tok    3.0s  
  PASS  returns_12/q1      s0      5tok    3.0s  
  PASS  returns_13/q1      s0      5tok    3.1s  
  PASS  returns_14/q1      s0      5tok    4.4s  
  PASS  returns_15/q1      s0      5tok    4.3s  
  PASS  returns_16/q1      s0      5tok    2.8s  
  PASS  returns_17/q1      s0      5tok    3.6s  
  PASS  returns_18/q1      s0      5tok    2.7s  
  PASS  returns_19/q1      s0      5tok    2.7s  
  PASS  returns_20/q1      s0      5tok    2.8s  
  PASS  triage_01/q1       s0      5tok    3.3s  
  PASS  triage_02/q1       s0      5tok    3.6s  
  PASS  triage_03/q1       s0      5tok    3.6s  
  PASS  triage_04/q1       s0      5tok    3.1s  
  PASS  triage_05/q1       s0      5tok    2.3s  
  PASS  triage_06/q1       s0      5tok    3.5s  
  PASS  triage_07/q1       s0      5tok    2.6s  
  PASS  triage_08/q1       s0      5tok    2.9s  
  PASS  triage_09/q1       s0      5tok    2.5s  
  PASS  triage_10/q1       s0      5tok    2.8s  
  PASS  triage_11/q1       s0      5tok    3.0s  
  PASS  triage_12/q1       s0      5tok    3.1s  
  PASS  triage_13/q1       s0      5tok    2.7s  
  PASS  triage_14/q1       s0      5tok    3.3s  
  PASS  triage_15/q1       s0      5tok    2.7s  
  PASS  triage_16/q1       s0      5tok    3.1s  
  PASS  triage_17/q1       s0      5tok    2.9s  
  PASS  triage_18/q1       s0      5tok    3.2s  
  PASS  triage_19/q1       s0      5tok    4.2s  
  PASS  triage_20/q1       s0      5tok    3.5s  
  PASS  access_01/q1       s0      5tok    3.0s  
  PASS  access_02/q1       s0      5tok    3.1s  
  PASS  access_03/q1       s0      5tok    2.9s  
  PASS  access_04/q1       s0      5tok    3.0s  
  PASS  access_05/q1       s0      5tok    2.4s  
  PASS  access_06/q1       s0      5tok    2.6s  
  PASS  access_07/q1       s0      5tok    2.4s  
  PASS  access_08/q1       s0      5tok    3.8s  
  PASS  access_09/q1       s0      5tok    3.1s  
  PASS  access_10/q1       s0      5tok    2.7s  
  PASS  access_11/q1       s0      5tok    3.1s  
  PASS  access_12/q1       s0      5tok    2.8s  
  PASS  access_13/q1       s0      5tok    3.0s  
  PASS  access_14/q1       s0      5tok    3.0s  
  PASS  access_15/q1       s0      5tok    2.7s  
  PASS  access_16/q1       s0      5tok    2.8s  
  PASS  access_17/q1       s0      5tok    2.9s  
  PASS  access_18/q1       s0      5tok    2.5s  
  PASS  access_19/q1       s0      5tok    4.4s  
  PASS  access_20/q1       s0      5tok    2.6s  
  PASS  credentials_01/q1  s0      5tok    2.9s  
  PASS  credentials_02/q1  s0      5tok    3.1s  
  PASS  credentials_03/q1  s0      5tok    5.4s  
  PASS  credentials_04/q1  s0      5tok    3.1s  
  PASS  credentials_05/q1  s0      5tok    3.6s  
  PASS  credentials_06/q1  s0      5tok    2.7s  
  PASS  credentials_07/q1  s0      5tok    2.4s  
  PASS  credentials_08/q1  s0      5tok    2.7s  
  PASS  credentials_09/q1  s0      5tok    2.9s  
  PASS  credentials_10/q1  s0      5tok    3.6s  
  PASS  credentials_11/q1  s0      5tok    3.0s  
  PASS  credentials_12/q1  s0      5tok    2.9s  
  PASS  credentials_13/q1  s0      5tok    3.0s  
  PASS  credentials_14/q1  s0      5tok    2.8s  
  PASS  credentials_15/q1  s0      5tok    3.6s  
  PASS  credentials_16/q1  s0      5tok    2.7s  
  PASS  credentials_17/q1  s0      5tok    2.7s  
  PASS  credentials_18/q1  s0      5tok    2.8s  
  PASS  credentials_19/q1  s0      5tok    2.5s  
  PASS  credentials_20/q1  s0      5tok    3.1s  
  PASS  billing_01/q1      s0      5tok    3.0s  
  PASS  billing_02/q1      s0      5tok    3.0s  
  PASS  billing_03/q1      s0      5tok    3.0s  
  PASS  billing_04/q1      s0      5tok    2.8s  
  PASS  billing_05/q1      s0      5tok    3.5s  
  PASS  billing_06/q1      s0      5tok    2.9s  
  PASS  billing_07/q1      s0      5tok    5.1s  
  PASS  billing_08/q1      s0      5tok    3.3s  
  PASS  billing_09/q1      s0      5tok    2.9s  
  PASS  billing_10/q1      s0      5tok    2.7s  
  PASS  billing_11/q1      s0      5tok    2.9s  
  PASS  billing_12/q1      s0      5tok    3.3s  
  PASS  billing_13/q1      s0      5tok    3.4s  
  PASS  billing_14/q1      s0      5tok    2.9s  
  PASS  billing_15/q1      s0      5tok    6.5s  
  PASS  billing_16/q1      s0      5tok    3.7s  
  PASS  billing_17/q1      s0      5tok    3.6s  
  PASS  billing_18/q1      s0     55tok    6.4s  
  PASS  billing_19/q1      s0      5tok    2.6s  
  PASS  billing_20/q1      s0      5tok    3.1s  
  PASS  routing_01/q1      s0      5tok    2.7s  
  PASS  routing_02/q1      s0      5tok    3.3s  
  PASS  routing_03/q1      s0      5tok    3.5s  
  PASS  routing_04/q1      s0      5tok    4.5s  
  PASS  routing_05/q1      s0      5tok    2.7s  
  PASS  routing_06/q1      s0      5tok    3.2s  
  PASS  routing_07/q1      s0      5tok    2.8s  
  PASS  routing_08/q1      s0      5tok    3.6s  
  PASS  routing_09/q1      s0      5tok    2.8s  
  PASS  routing_10/q1      s0      5tok    3.0s  
  PASS  routing_11/q1      s0      5tok    2.8s  
  PASS  routing_12/q1      s0      5tok    6.6s  
  PASS  routing_13/q1      s0      5tok    3.7s  
  PASS  routing_14/q1      s0      5tok    2.7s  
  PASS  routing_15/q1      s0      5tok    2.6s  
  PASS  routing_16/q1      s0      5tok    3.0s  
  PASS  routing_17/q1      s0      5tok    3.2s  
  PASS  routing_18/q1      s0      5tok    2.9s  
  PASS  routing_19/q1      s0      5tok    2.7s  
  PASS  routing_20/q1      s0      5tok    2.8s  
  PASS  evidence_01/q1     s0      5tok    2.8s  
  PASS  evidence_02/q1     s0      5tok    3.3s  
  PASS  evidence_03/q1     s0     51tok    3.6s  
  PASS  evidence_04/q1     s0      5tok    3.4s  
  PASS  evidence_05/q1     s0      5tok    3.5s  
  PASS  evidence_06/q1     s0      5tok    2.8s  
  PASS  evidence_07/q1     s0      5tok    4.3s  
  PASS  evidence_08/q1     s0      5tok    4.7s  
  PASS  evidence_09/q1     s0      5tok    3.6s  
  PASS  evidence_10/q1     s0      5tok    3.1s  
  PASS  evidence_11/q1     s0      5tok    2.6s  
  PASS  evidence_12/q1     s0      5tok    3.4s  
  PASS  evidence_13/q1     s0      5tok    2.6s  
  PASS  evidence_14/q1     s0      5tok    2.6s  
  PASS  evidence_15/q1     s0      5tok    2.9s  
  PASS  evidence_16/q1     s0      5tok    2.9s  
  PASS  evidence_17/q1     s0      5tok    2.7s  
  PASS  evidence_18/q1     s0      5tok    3.0s  
  PASS  evidence_19/q1     s0      5tok    2.5s  
  PASS  evidence_20/q1     s0      5tok    3.4s  
  PASS  moderation_01/q1   s0      5tok    2.8s  
  PASS  moderation_02/q1   s0      5tok    2.7s  
  PASS  moderation_03/q1   s0      5tok    3.3s  
  PASS  moderation_04/q1   s0      5tok    2.6s  
  PASS  moderation_05/q1   s0      5tok    3.1s  
  PASS  moderation_06/q1   s0     35tok    3.9s  
  PASS  moderation_07/q1   s0     41tok    3.8s  
  PASS  moderation_08/q1   s0      5tok    3.6s  
  PASS  moderation_09/q1   s0      5tok    3.4s  
  PASS  moderation_10/q1   s0      5tok    3.2s  
  PASS  moderation_11/q1   s0      5tok    4.0s  
  PASS  moderation_12/q1   s0      5tok    4.0s  
  PASS  moderation_13/q1   s0      5tok    3.1s  
  PASS  moderation_14/q1   s0      5tok    3.6s  
  PASS  moderation_15/q1   s0      5tok    2.5s  
  PASS  moderation_16/q1   s0      5tok    2.9s  
  PASS  moderation_17/q1   s0      5tok    2.8s  
  PASS  moderation_18/q1   s0      5tok    3.8s  
  PASS  moderation_19/q1   s0      5tok    3.2s  
  PASS  moderation_20/q1   s0      5tok    2.6s  
  PASS  phishing_01/q1     s0      5tok    2.6s  
  PASS  phishing_02/q1     s0      5tok    3.3s  
  PASS  phishing_03/q1     s0      5tok    2.8s  
  PASS  phishing_04/q1     s0      5tok    2.5s  
  PASS  phishing_05/q1     s0      5tok    2.8s  
  PASS  phishing_06/q1     s0      5tok    6.7s  
  PASS  phishing_07/q1     s0      5tok    4.6s  
  PASS  phishing_08/q1     s0      5tok    2.5s  
  PASS  phishing_09/q1     s0      5tok    2.8s  
  PASS  phishing_10/q1     s0      5tok    3.0s  
  PASS  phishing_11/q1     s0      5tok    3.3s  
  PASS  phishing_12/q1     s0      5tok    2.7s  
  PASS  phishing_13/q1     s0      5tok    2.5s  
  PASS  phishing_14/q1     s0      5tok    3.1s  
  PASS  phishing_15/q1     s0      5tok    2.9s  
  PASS  phishing_16/q1     s0      5tok    3.3s  
  PASS  phishing_17/q1     s0      5tok    3.4s  
  PASS  phishing_18/q1     s0      5tok    3.3s  
  PASS  phishing_19/q1     s0      5tok    2.9s  
  PASS  phishing_20/q1     s0      5tok    2.8s  
  PASS  injection_01/q1    s0      5tok    2.9s  
  PASS  injection_02/q1    s0      5tok    3.0s  
  PASS  injection_03/q1    s0      5tok    3.6s  
  PASS  injection_04/q1    s0      5tok    3.2s  
  PASS  injection_05/q1    s0      5tok    2.8s  
  PASS  injection_06/q1    s0      5tok    2.8s  
  PASS  injection_07/q1    s0      5tok    2.7s  
  PASS  injection_08/q1    s0      5tok    3.3s  
  PASS  injection_09/q1    s0      5tok    2.9s  
  PASS  injection_10/q1    s0      5tok    5.8s  
  PASS  injection_11/q1    s0      5tok    2.9s  
  PASS  injection_12/q1    s0      5tok    3.1s  
  PASS  injection_13/q1    s0      5tok    2.9s  
  PASS  injection_14/q1    s0      5tok    3.0s  
  PASS  injection_15/q1    s0      5tok    3.3s  
  PASS  injection_16/q1    s0      5tok    3.3s  
  PASS  injection_17/q1    s0     53tok    4.0s  
  PASS  injection_18/q1    s0      5tok    3.0s  
  PASS  injection_19/q1    s0      5tok    4.4s  
  PASS  injection_20/q1    s0      5tok    7.2s  

100.0%  (200/200)  wall 649s  -> results/2026-10-10-system1-v3-200/gpt-6-1-sol-thinkmedium-system1-v3.json
